// Jest Snapshot v1, https://goo.gl/fbAQLP

exports[`App should render first Home Component 1`] = `
<div
  className="App"
>
  <div
    className="uk-flex uk-flex-middle uk-flex-center Home"
    onDragOver={[Function]}
    onDrop={[Function]}
    uk-height-viewport=""
  >
    <h1>
      NEMU
    </h1>
  </div>
</div>
`;

exports[`App should render first Home Component 2`] = `
<div
  className="App"
>
  <div
    className="uk-flex uk-flex-middle uk-flex-center Home"
    onDragOver={[Function]}
    onDrop={[Function]}
    uk-height-viewport=""
  >
    <h1>
      NEMU
    </h1>
  </div>
</div>
`;
